{"data":{"log_version":3,"version":"=2.0.0-preview.175"},"info":{"category":"","code":"A001","extra":{},"invocation_id":"019e1bb3-62ae-7282-b14f-9914588153b8","level":"info","msg":"Running with dbt-fusion=2.0.0-preview.175","name":"MainReportVersion","pid":34918,"thread":"tokio-rt-worker","ts":"2026-05-12T10:20:01.587185Z"}}
{"data":{"args":{"debug":"false","invocation_command":"/home/mballo/.local/bin/dbt license info --json --log-format json","log_format":"json","quiet":"false","write_json":"true"}},"info":{"category":"","code":"A002","extra":{},"invocation_id":"019e1bb3-62ae-7282-b14f-9914588153b8","level":"debug","msg":"running dbt-fusion with arguments {\"command\":\"license\",\"vars\":\"{}\",\"limit\":\"10\",\"debug\":false,\"log_format\":\"json\",\"quiet\":false,\"write_json\":true,\"write_catalog\":false}","name":"MainReportArgs","pid":34918,"thread":"tokio-rt-worker","ts":"2026-05-12T10:20:01.587218Z"}}
{"data":{},"info":{"category":"","code":"","extra":{},"invocation_id":"019e1bb3-62ae-7282-b14f-9914588153b8","level":"debug","msg":"No active cloud project configured, skipping remote license","name":"Generic","pid":34918,"thread":"tokio-rt-worker","ts":"2026-05-12T10:20:01.587421Z"}}
{"data":{"columns":[],"is_inline":true,"node_name":"license_info","output_format":"json","preview":"{\n  \"status\": \"not_found\",\n  \"licensing_enabled\": true\n}","unique_id":"license.info"},"info":{"category":"","code":"Q041","extra":{},"invocation_id":"019e1bb3-62ae-7282-b14f-9914588153b8","level":"info","msg":"{\n  \"status\": \"not_found\",\n  \"licensing_enabled\": true\n}","name":"ShowNode","pid":34918,"thread":"tokio-rt-worker","ts":"2026-05-12T10:20:01.587541Z"}}
{"data":{"completed_at":"2026-05-12T10:20:01.801967Z","elapsed":0.2149253487586975,"success":true},"info":{"category":"","code":"Q039","extra":{},"invocation_id":"019e1bb3-62ae-7282-b14f-9914588153b8","level":"info","msg":"\n==================== Execution Summary =====================\nFinished 'license' successfully [214ms]","name":"CommandCompleted","pid":34918,"thread":"tokio-rt-worker","ts":"2026-05-12T10:20:01.802089Z"}}
{"data":{"log_version":3,"version":"=2.0.0-preview.175"},"info":{"category":"","code":"A001","extra":{},"invocation_id":"019e1db2-86f3-75c2-bccc-46e9f1ee8a33","level":"info","msg":"Running with dbt-fusion=2.0.0-preview.175","name":"MainReportVersion","pid":71816,"thread":"tokio-rt-worker","ts":"2026-05-12T19:38:19.826167Z"}}
{"data":{"args":{"debug":"false","invocation_command":"/home/mballo/.local/bin/dbt license info --json --log-format json","log_format":"json","quiet":"false","write_json":"true"}},"info":{"category":"","code":"A002","extra":{},"invocation_id":"019e1db2-86f3-75c2-bccc-46e9f1ee8a33","level":"debug","msg":"running dbt-fusion with arguments {\"command\":\"license\",\"vars\":\"{}\",\"limit\":\"10\",\"debug\":false,\"log_format\":\"json\",\"quiet\":false,\"write_json\":true,\"write_catalog\":false}","name":"MainReportArgs","pid":71816,"thread":"tokio-rt-worker","ts":"2026-05-12T19:38:19.826221Z"}}
{"data":{},"info":{"category":"","code":"","extra":{},"invocation_id":"019e1db2-86f3-75c2-bccc-46e9f1ee8a33","level":"debug","msg":"No active cloud project configured, skipping remote license","name":"Generic","pid":71816,"thread":"tokio-rt-worker","ts":"2026-05-12T19:38:19.836815Z"}}
{"data":{"columns":[],"is_inline":true,"node_name":"license_info","output_format":"json","preview":"{\n  \"status\": \"not_found\",\n  \"licensing_enabled\": true\n}","unique_id":"license.info"},"info":{"category":"","code":"Q041","extra":{},"invocation_id":"019e1db2-86f3-75c2-bccc-46e9f1ee8a33","level":"info","msg":"{\n  \"status\": \"not_found\",\n  \"licensing_enabled\": true\n}","name":"ShowNode","pid":71816,"thread":"tokio-rt-worker","ts":"2026-05-12T19:38:19.838452Z"}}
{"data":{"completed_at":"2026-05-12T19:38:19.910509Z","elapsed":0.09165305644273758,"success":true},"info":{"category":"","code":"Q039","extra":{},"invocation_id":"019e1db2-86f3-75c2-bccc-46e9f1ee8a33","level":"info","msg":"\n==================== Execution Summary =====================\nFinished 'license' successfully [91ms]","name":"CommandCompleted","pid":71816,"thread":"tokio-rt-worker","ts":"2026-05-12T19:38:19.913287Z"}}
[0m22:08:17.376536 [debug] [MainThread]: Sending event: {'category': 'dbt', 'action': 'invocation', 'label': 'start', 'context': [<snowplow_tracker.self_describing_json.SelfDescribingJson object at 0x746136a5c590>, <snowplow_tracker.self_describing_json.SelfDescribingJson object at 0x746136b907a0>, <snowplow_tracker.self_describing_json.SelfDescribingJson object at 0x74613774be00>]}


============================== 22:08:17.382218 | b268cc08-564a-46d8-9934-0ea6df0595ae ==============================
[0m22:08:17.382218 [info ] [MainThread]: Running with dbt=1.11.9
[0m22:08:17.383554 [debug] [MainThread]: running dbt with arguments {'indirect_selection': 'eager', 'log_path': 'logs', 'warn_error_options': 'WarnErrorOptionsV2(error=[], warn=[], silence=[])', 'profiles_dir': '/home/mballo/.dbt', 'log_format': 'default', 'cache_selected_only': 'False', 'invocation_command': 'dbt debug', 'debug': 'False', 'static_parser': 'True', 'quiet': 'False', 'use_colors': 'True', 'send_anonymous_usage_stats': 'True', 'use_experimental_parser': 'False', 'fail_fast': 'False', 'empty': 'None', 'target_path': 'None', 'introspect': 'True', 'no_print': 'None', 'version_check': 'True', 'warn_error': 'None', 'log_cache_events': 'False', 'partial_parse': 'True', 'write_json': 'True', 'printer_width': '80'}
[0m22:08:17.397873 [info ] [MainThread]: dbt version: 1.11.9
[0m22:08:17.398905 [info ] [MainThread]: python version: 3.12.3
[0m22:08:17.399854 [info ] [MainThread]: python path: /data/projects/databird-analytics-engineer/.venv/bin/python3
[0m22:08:17.400765 [info ] [MainThread]: os info: Linux-6.17.0-23-generic-x86_64-with-glibc2.39
[0m22:08:17.408730 [info ] [MainThread]: Error importing adapter: No module named 'dbt.adapters.duckdb'
[0m22:08:18.550203 [info ] [MainThread]: Using profiles dir at /home/mballo/.dbt
[0m22:08:18.551203 [info ] [MainThread]: Using profiles.yml file at /home/mballo/.dbt/profiles.yml
[0m22:08:18.552112 [info ] [MainThread]: Using dbt_project.yml file at /data/projects/databird-analytics-engineer/dbt_project.yml
[0m22:08:18.552844 [info ] [MainThread]: Configuration:
[0m22:08:18.553482 [info ] [MainThread]:   profiles.yml file [[31mERROR invalid[0m]
[0m22:08:18.554058 [info ] [MainThread]:   dbt_project.yml file [[31mERROR not found[0m]
[0m22:08:18.554641 [info ] [MainThread]: Required dependencies:
[0m22:08:18.555302 [debug] [MainThread]: Executing "git --help"
[0m22:08:18.562890 [debug] [MainThread]: STDOUT: "b"usage: git [-v | --version] [-h | --help] [-C <path>] [-c <name>=<value>]\n           [--exec-path[=<path>]] [--html-path] [--man-path] [--info-path]\n           [-p | --paginate | -P | --no-pager] [--no-replace-objects] [--bare]\n           [--git-dir=<path>] [--work-tree=<path>] [--namespace=<name>]\n           [--config-env=<name>=<envvar>] <command> [<args>]\n\nThese are common Git commands used in various situations:\n\nstart a working area (see also: git help tutorial)\n   clone     Clone a repository into a new directory\n   init      Create an empty Git repository or reinitialize an existing one\n\nwork on the current change (see also: git help everyday)\n   add       Add file contents to the index\n   mv        Move or rename a file, a directory, or a symlink\n   restore   Restore working tree files\n   rm        Remove files from the working tree and from the index\n\nexamine the history and state (see also: git help revisions)\n   bisect    Use binary search to find the commit that introduced a bug\n   diff      Show changes between commits, commit and working tree, etc\n   grep      Print lines matching a pattern\n   log       Show commit logs\n   show      Show various types of objects\n   status    Show the working tree status\n\ngrow, mark and tweak your common history\n   branch    List, create, or delete branches\n   commit    Record changes to the repository\n   merge     Join two or more development histories together\n   rebase    Reapply commits on top of another base tip\n   reset     Reset current HEAD to the specified state\n   switch    Switch branches\n   tag       Create, list, delete or verify a tag object signed with GPG\n\ncollaborate (see also: git help workflows)\n   fetch     Download objects and refs from another repository\n   pull      Fetch from and integrate with another repository or a local branch\n   push      Update remote refs along with associated objects\n\n'git help -a' and 'git help -g' list available subcommands and some\nconcept guides. See 'git help <command>' or 'git help <concept>'\nto read about a specific subcommand or concept.\nSee 'git help git' for an overview of the system.\n""
[0m22:08:18.563803 [debug] [MainThread]: STDERR: "b''"
[0m22:08:18.564593 [info ] [MainThread]:  - git [[32mOK found[0m]

[0m22:08:18.565443 [info ] [MainThread]: Connection test skipped since no profile was found
[0m22:08:18.566363 [info ] [MainThread]: [31m2 checks failed:[0m
[0m22:08:18.567187 [info ] [MainThread]: Could not load dbt_project.yml
Profile loading failed for the following reason:
Runtime Error
  Credentials in profile "ny_taxi_rides", target "dev" invalid: Runtime Error
    Could not find adapter type duckdb!


[0m22:08:18.568083 [info ] [MainThread]: Project loading failed for the following reason:
 project path </data/projects/databird-analytics-engineer/dbt_project.yml> not found

[0m22:08:18.569417 [debug] [MainThread]: Resource report: {"command_name": "debug", "command_success": false, "command_wall_clock_time": 1.2899343, "process_in_blocks": "0", "process_kernel_time": 0.394129, "process_mem_max_rss": "217184", "process_out_blocks": "16", "process_user_time": 3.737744}
[0m22:08:18.570812 [debug] [MainThread]: Command `dbt debug` failed at 22:08:18.570520 after 1.29 seconds
[0m22:08:18.571909 [debug] [MainThread]: Sending event: {'category': 'dbt', 'action': 'invocation', 'label': 'end', 'context': [<snowplow_tracker.self_describing_json.SelfDescribingJson object at 0x7461344d18b0>, <snowplow_tracker.self_describing_json.SelfDescribingJson object at 0x7461168ddcd0>, <snowplow_tracker.self_describing_json.SelfDescribingJson object at 0x746117f11c70>]}
[0m22:08:18.573006 [debug] [MainThread]: Flushing usage events
[0m22:08:19.023541 [debug] [MainThread]: An error was encountered while trying to flush usage events
{"data":{"log_version":3,"version":"=2.0.0-preview.175"},"info":{"category":"","code":"A001","extra":{},"invocation_id":"019e1dea-5625-7910-8591-de091000b424","level":"info","msg":"Running with dbt-fusion=2.0.0-preview.175","name":"MainReportVersion","pid":86472,"thread":"tokio-rt-worker","ts":"2026-05-12T20:39:17.288619Z"}}
{"data":{"args":{"debug":"false","invocation_command":"/home/mballo/.local/bin/dbt license info --json --log-format json","log_format":"json","quiet":"false","write_json":"true"}},"info":{"category":"","code":"A002","extra":{},"invocation_id":"019e1dea-5625-7910-8591-de091000b424","level":"debug","msg":"running dbt-fusion with arguments {\"command\":\"license\",\"vars\":\"{}\",\"limit\":\"10\",\"debug\":false,\"log_format\":\"json\",\"quiet\":false,\"write_json\":true,\"write_catalog\":false}","name":"MainReportArgs","pid":86472,"thread":"tokio-rt-worker","ts":"2026-05-12T20:39:17.288637Z"}}
{"data":{},"info":{"category":"","code":"","extra":{},"invocation_id":"019e1dea-5625-7910-8591-de091000b424","level":"debug","msg":"No active cloud project configured, skipping remote license","name":"Generic","pid":86472,"thread":"tokio-rt-worker","ts":"2026-05-12T20:39:17.288845Z"}}
{"data":{"columns":[],"is_inline":true,"node_name":"license_info","output_format":"json","preview":"{\n  \"status\": \"not_found\",\n  \"licensing_enabled\": true\n}","unique_id":"license.info"},"info":{"category":"","code":"Q041","extra":{},"invocation_id":"019e1dea-5625-7910-8591-de091000b424","level":"info","msg":"{\n  \"status\": \"not_found\",\n  \"licensing_enabled\": true\n}","name":"ShowNode","pid":86472,"thread":"tokio-rt-worker","ts":"2026-05-12T20:39:17.288920Z"}}
{"data":{"completed_at":"2026-05-12T20:39:17.418966Z","elapsed":0.13051487505435944,"success":true},"info":{"category":"","code":"Q039","extra":{},"invocation_id":"019e1dea-5625-7910-8591-de091000b424","level":"info","msg":"\n==================== Execution Summary =====================\nFinished 'license' successfully [130ms]","name":"CommandCompleted","pid":86472,"thread":"tokio-rt-worker","ts":"2026-05-12T20:39:17.419072Z"}}
{"data":{"log_version":3,"version":"=2.0.0-preview.175"},"info":{"category":"","code":"A001","extra":{},"invocation_id":"019e308d-59b4-7500-bacf-1f38d55d6297","level":"info","msg":"Running with dbt-fusion=2.0.0-preview.175","name":"MainReportVersion","pid":6318,"thread":"tokio-rt-worker","ts":"2026-05-16T11:30:30.512329Z"}}
{"data":{"args":{"debug":"false","invocation_command":"/home/mballo/.local/bin/dbt license info --json --log-format json","log_format":"json","quiet":"false","write_json":"true"}},"info":{"category":"","code":"A002","extra":{},"invocation_id":"019e308d-59b4-7500-bacf-1f38d55d6297","level":"debug","msg":"running dbt-fusion with arguments {\"command\":\"license\",\"vars\":\"{}\",\"limit\":\"10\",\"debug\":false,\"log_format\":\"json\",\"quiet\":false,\"write_json\":true,\"write_catalog\":false}","name":"MainReportArgs","pid":6318,"thread":"tokio-rt-worker","ts":"2026-05-16T11:30:30.512367Z"}}
{"data":{},"info":{"category":"","code":"","extra":{},"invocation_id":"019e308d-59b4-7500-bacf-1f38d55d6297","level":"debug","msg":"No active cloud project configured, skipping remote license","name":"Generic","pid":6318,"thread":"tokio-rt-worker","ts":"2026-05-16T11:30:30.520031Z"}}
{"data":{"columns":[],"is_inline":true,"node_name":"license_info","output_format":"json","preview":"{\n  \"status\": \"not_found\",\n  \"licensing_enabled\": true\n}","unique_id":"license.info"},"info":{"category":"","code":"Q041","extra":{},"invocation_id":"019e308d-59b4-7500-bacf-1f38d55d6297","level":"info","msg":"{\n  \"status\": \"not_found\",\n  \"licensing_enabled\": true\n}","name":"ShowNode","pid":6318,"thread":"tokio-rt-worker","ts":"2026-05-16T11:30:30.521416Z"}}
{"data":{"completed_at":"2026-05-16T11:30:30.708677Z","elapsed":0.2011420577764511,"success":true},"info":{"category":"","code":"Q039","extra":{},"invocation_id":"019e308d-59b4-7500-bacf-1f38d55d6297","level":"info","msg":"\n==================== Execution Summary =====================\nFinished 'license' successfully [201ms]","name":"CommandCompleted","pid":6318,"thread":"tokio-rt-worker","ts":"2026-05-16T11:30:30.710832Z"}}
